******************************************************************************
                  TI ARM Linker PC v16.9.3                     
******************************************************************************
>> Linked Sat Oct 12 01:42:38 2019

OUTPUT FILE NAME:   <lab5.out>
ENTRY POINT SYMBOL: "_c_int00"  address: 000009c5


MEMORY CONFIGURATION

         name            origin    length      used     unused   attr    fill
----------------------  --------  ---------  --------  --------  ----  --------
  FLASH                 00000000   00040000  00000da8  0003f258  R  X
  SRAM                  20000000   00008000  0000007c  00007f84  RW X


SEGMENT ALLOCATION MAP

run origin  load origin   length   init length attrs members
----------  ----------- ---------- ----------- ----- -------
00000000    00000000    00000dac   00000dac    r-x
  00000000    00000000    0000026c   0000026c    r-- .intvecs
  0000026c    0000026c    00000a3c   00000a3c    r-x .text
  00000ca8    00000ca8    000000dc   000000dc    r-- .const
  00000d88    00000d88    00000024   00000024    r-- .cinit
20000000    20000000    0000007c   00000000    rw-
  20000000    20000000    00000064   00000000    rw- .stack
  20000064    20000064    00000018   00000000    rw- .data


SECTION ALLOCATION MAP

 output                                  attributes/
section   page    origin      length       input sections
--------  ----  ----------  ----------   ----------------
.intvecs   0    00000000    0000026c     
                  00000000    0000026c     tm4c123gh6pm_startup_ccs.obj (.intvecs)

.text      0    0000026c    00000a3c     
                  0000026c    00000168     main.obj (.text)
                  000003d4    00000132     driverlib.lib : gpio.obj (.text:GPIOPadConfigSet)
                  00000506    00000002     rtsv7M4_T_le_v4SPD16_eabi.lib : mpu_init.obj (.text)
                  00000508    00000110     driverlib.lib : sysctl.obj (.text:SysCtlClockGet)
                  00000618    000000f4                   : sysctl.obj (.text:SysCtlClockSet)
                  0000070c    0000009c     rtsv7M4_T_le_v4SPD16_eabi.lib : memcpy_t2.obj (.text)
                  000007a8    0000007a     driverlib.lib : adc.obj (.text:ADCSequenceStepConfigure)
                  00000822    00000002     rtsv7M4_T_le_v4SPD16_eabi.lib : startup.obj (.text)
                  00000824    00000070                                   : autoinit.obj (.text)
                  00000894    00000068     driverlib.lib : interrupt.obj (.text:IntEnable)
                  000008fc    00000068     rtsv7M4_T_le_v4SPD16_eabi.lib : copy_decompress_lzss.obj (.text:decompress:lzss)
                  00000964    00000060     driverlib.lib : timer.obj (.text:TimerConfigure)
                  000009c4    00000054     rtsv7M4_T_le_v4SPD16_eabi.lib : boot.obj (.text)
                  00000a18    00000054                                   : exit.obj (.text)
                  00000a6c    00000050     driverlib.lib : adc.obj (.text:ADCSequenceConfigure)
                  00000abc    0000004c     rtsv7M4_T_le_v4SPD16_eabi.lib : cpy_tbl.obj (.text)
                  00000b08    00000034     driverlib.lib : sysctl.obj (.text:SysCtlPeripheralEnable)
                  00000b3c    0000002e                   : adc.obj (.text:ADCIntStatus)
                  00000b6a    0000002a                   : gpio.obj (.text:GPIODirModeSet)
                  00000b94    0000001e                   : adc.obj (.text:ADCSequenceDataGet)
                  00000bb2    00000018                   : adc.obj (.text:ADCProcessorTrigger)
                  00000bca    00000018                   : gpio.obj (.text:GPIOPinTypeGPIOOutput)
                  00000be2    00000002     --HOLE-- [fill = 0]
                  00000be4    00000018     rtsv7M4_T_le_v4SPD16_eabi.lib : args_main.obj (.text)
                  00000bfc    00000014                                   : _lock.obj (.text)
                  00000c10    00000012     driverlib.lib : timer.obj (.text:TimerLoadSet)
                  00000c22    00000010                   : interrupt.obj (.text:IntMasterEnable)
                  00000c32    0000000e                   : adc.obj (.text:ADCHardwareOversampleConfigure)
                  00000c40    0000000e                   : adc.obj (.text:ADCSequenceEnable)
                  00000c4e    0000000e                   : timer.obj (.text:TimerEnable)
                  00000c5c    0000000e     rtsv7M4_T_le_v4SPD16_eabi.lib : copy_decompress_none.obj (.text:decompress:none)
                  00000c6a    0000000c     driverlib.lib : cpu.obj (.text:CPUcpsie)
                  00000c76    0000000c     tm4c123gh6pm_startup_ccs.obj (.text)
                  00000c82    0000000a     driverlib.lib : adc.obj (.text:ADCIntClear)
                  00000c8c    00000008                   : timer.obj (.text:TimerIntEnable)
                  00000c94    00000006                   : gpio.obj (.text:GPIOPinWrite)
                  00000c9a    00000006                   : sysctl.obj (.text:SysCtlDelay)
                  00000ca0    00000004                   : timer.obj (.text:TimerIntClear)
                  00000ca4    00000004     rtsv7M4_T_le_v4SPD16_eabi.lib : pre_init.obj (.text)

.const     0    00000ca8    000000dc     
                  00000ca8    00000070     driverlib.lib : interrupt.obj (.const)
                  00000d18    0000006c                   : sysctl.obj (.const:g_pui32Xtals)

.cinit     0    00000d88    00000024     
                  00000d88    00000011     (.cinit..data.load) [load image, compression = lzss]
                  00000d99    00000003     --HOLE-- [fill = 0]
                  00000d9c    00000008     (__TI_handler_table)
                  00000da4    00000008     (__TI_cinit_table)

.init_array 
*          0    00000000    00000000     UNINITIALIZED

.stack     0    20000000    00000064     UNINITIALIZED
                  20000000    00000064     --HOLE--

.data      0    20000064    00000018     UNINITIALIZED
                  20000064    0000000c     rtsv7M4_T_le_v4SPD16_eabi.lib : exit.obj (.data:$O1$$)
                  20000070    00000008                                   : _lock.obj (.data:$O1$$)
                  20000078    00000004                                   : stkdepth_vars.obj (.data)

MODULE SUMMARY

       Module                         code   ro data   rw data
       ------                         ----   -------   -------
    .\
       tm4c123gh6pm_startup_ccs.obj   12     620       0      
       main.obj                       360    0         0      
    +--+------------------------------+------+---------+---------+
       Total:                         372    620       0      
                                                              
    C:/ti/tivaware_c_series_2_1_4_178/driverlib/ccs/Debug/driverlib.lib
       sysctl.obj                     574    108       0      
       gpio.obj                       378    0         0      
       adc.obj                        340    0         0      
       interrupt.obj                  120    112       0      
       timer.obj                      140    0         0      
       cpu.obj                        12     0         0      
    +--+------------------------------+------+---------+---------+
       Total:                         1564   220       0      
                                                              
    C:\ti\ccsv7\tools\compiler\ti-cgt-arm_16.9.3.LTS\lib\rtsv7M4_T_le_v4SPD16_eabi.lib
       memcpy_t2.obj                  156    0         0      
       autoinit.obj                   112    0         0      
       copy_decompress_lzss.obj       104    0         0      
       exit.obj                       84     0         12     
       boot.obj                       84     0         0      
       cpy_tbl.obj                    76     0         0      
       _lock.obj                      20     0         8      
       args_main.obj                  24     0         0      
       copy_decompress_none.obj       14     0         0      
       pre_init.obj                   4      0         0      
       stkdepth_vars.obj              0      0         4      
       mpu_init.obj                   2      0         0      
       startup.obj                    2      0         0      
    +--+------------------------------+------+---------+---------+
       Total:                         682    0         24     
                                                              
       Stack:                         0      0         100    
       Linker Generated:              0      33        0      
    +--+------------------------------+------+---------+---------+
       Grand Total:                   2618   873       124    


LINKER GENERATED COPY TABLES

__TI_cinit_table @ 00000da4 records: 1, size/record: 8, table size: 8
	.data: load addr=00000d88, load size=00000011 bytes, run addr=20000064, run size=00000018 bytes, compression=lzss


LINKER GENERATED HANDLER TABLE

__TI_handler_table @ 00000d9c records: 2, size/record: 4, table size: 8
	index: 0, handler: __TI_decompress_lzss
	index: 1, handler: __TI_decompress_none


GLOBAL SYMBOLS: SORTED ALPHABETICALLY BY Name 

address   name                           
-------   ----                           
00000c33  ADCHardwareOversampleConfigure 
00000c83  ADCIntClear                    
00000b3d  ADCIntStatus                   
00000bb3  ADCProcessorTrigger            
00000a6d  ADCSequenceConfigure           
00000b95  ADCSequenceDataGet             
00000c41  ADCSequenceEnable              
000007a9  ADCSequenceStepConfigure       
00000a19  C$$EXIT                        
00000c6b  CPUcpsie                       
00000b6b  GPIODirModeSet                 
000003d5  GPIOPadConfigSet               
00000bcb  GPIOPinTypeGPIOOutput          
00000c95  GPIOPinWrite                   
00000895  IntEnable                      
00000c23  IntMasterEnable                
00000c77  ResetISR                       
UNDEFED   SHT$$INIT_ARRAY$$Base          
UNDEFED   SHT$$INIT_ARRAY$$Limit         
00000509  SysCtlClockGet                 
00000619  SysCtlClockSet                 
00000c9b  SysCtlDelay                    
00000b09  SysCtlPeripheralEnable         
0000031b  Timer1IntHandler               
00000965  TimerConfigure                 
00000c4f  TimerEnable                    
00000ca1  TimerIntClear                  
00000c8d  TimerIntEnable                 
00000c11  TimerLoadSet                   
20000064  __STACK_END                    
00000064  __STACK_SIZE                   
20000200  __STACK_TOP                    
00000da4  __TI_CINIT_Base                
00000dac  __TI_CINIT_Limit               
00000d9c  __TI_Handler_Table_Base        
00000da4  __TI_Handler_Table_Limit       
00000825  __TI_auto_init                 
20000064  __TI_cleanup_ptr               
000008fd  __TI_decompress_lzss           
00000c5d  __TI_decompress_none           
20000068  __TI_dtors_ptr                 
2000006c  __TI_enable_exit_profile_output
ffffffff  __TI_pprof_out_hndl            
ffffffff  __TI_prof_data_size            
ffffffff  __TI_prof_data_start           
00000000  __TI_static_base__             
0000070d  __aeabi_memcpy                 
0000070d  __aeabi_memcpy4                
0000070d  __aeabi_memcpy8                
ffffffff  __binit__                      
ffffffff  __c_args__                     
00000507  __mpu_init                     
20000000  __stack                        
00000be5  _args_main                     
000009c5  _c_int00                       
20000070  _lock                          
00000c0b  _nop                           
00000c03  _register_lock                 
00000bfd  _register_unlock               
00000823  _system_post_cinit             
00000ca5  _system_pre_init               
20000074  _unlock                        
00000a1d  abort                          
ffffffff  binit                          
00000abd  copy_in                        
00000a25  exit                           
00000000  g_pfnVectors                   
00000279  main                           
20000078  main_func_sp                   
0000070d  memcpy                         
0000026d  void__error__                  


GLOBAL SYMBOLS: SORTED BY Symbol Address 

address   name                           
-------   ----                           
00000000  __TI_static_base__             
00000000  g_pfnVectors                   
00000064  __STACK_SIZE                   
0000026d  void__error__                  
00000279  main                           
0000031b  Timer1IntHandler               
000003d5  GPIOPadConfigSet               
00000507  __mpu_init                     
00000509  SysCtlClockGet                 
00000619  SysCtlClockSet                 
0000070d  __aeabi_memcpy                 
0000070d  __aeabi_memcpy4                
0000070d  __aeabi_memcpy8                
0000070d  memcpy                         
000007a9  ADCSequenceStepConfigure       
00000823  _system_post_cinit             
00000825  __TI_auto_init                 
00000895  IntEnable                      
000008fd  __TI_decompress_lzss           
00000965  TimerConfigure                 
000009c5  _c_int00                       
00000a19  C$$EXIT                        
00000a1d  abort                          
00000a25  exit                           
00000a6d  ADCSequenceConfigure           
00000abd  copy_in                        
00000b09  SysCtlPeripheralEnable         
00000b3d  ADCIntStatus                   
00000b6b  GPIODirModeSet                 
00000b95  ADCSequenceDataGet             
00000bb3  ADCProcessorTrigger            
00000bcb  GPIOPinTypeGPIOOutput          
00000be5  _args_main                     
00000bfd  _register_unlock               
00000c03  _register_lock                 
00000c0b  _nop                           
00000c11  TimerLoadSet                   
00000c23  IntMasterEnable                
00000c33  ADCHardwareOversampleConfigure 
00000c41  ADCSequenceEnable              
00000c4f  TimerEnable                    
00000c5d  __TI_decompress_none           
00000c6b  CPUcpsie                       
00000c77  ResetISR                       
00000c83  ADCIntClear                    
00000c8d  TimerIntEnable                 
00000c95  GPIOPinWrite                   
00000c9b  SysCtlDelay                    
00000ca1  TimerIntClear                  
00000ca5  _system_pre_init               
00000d9c  __TI_Handler_Table_Base        
00000da4  __TI_CINIT_Base                
00000da4  __TI_Handler_Table_Limit       
00000dac  __TI_CINIT_Limit               
20000000  __stack                        
20000064  __STACK_END                    
20000064  __TI_cleanup_ptr               
20000068  __TI_dtors_ptr                 
2000006c  __TI_enable_exit_profile_output
20000070  _lock                          
20000074  _unlock                        
20000078  main_func_sp                   
20000200  __STACK_TOP                    
ffffffff  __TI_pprof_out_hndl            
ffffffff  __TI_prof_data_size            
ffffffff  __TI_prof_data_start           
ffffffff  __binit__                      
ffffffff  __c_args__                     
ffffffff  binit                          
UNDEFED   SHT$$INIT_ARRAY$$Base          
UNDEFED   SHT$$INIT_ARRAY$$Limit         

[71 symbols]
