******************************************************************************
                  TI ARM Linker PC v16.9.3                     
******************************************************************************
>> Linked Tue Oct 08 00:08:16 2019

OUTPUT FILE NAME:   <lab4.out>
ENTRY POINT SYMBOL: "_c_int00"  address: 000008dd


MEMORY CONFIGURATION

         name            origin    length      used     unused   attr    fill
----------------------  --------  ---------  --------  --------  ----  --------
  FLASH                 00000000   00040000  00000bec  0003f414  R  X
  SRAM                  20000000   00008000  0000007c  00007f84  RW X


SEGMENT ALLOCATION MAP

run origin  load origin   length   init length attrs members
----------  ----------- ---------- ----------- ----- -------
00000000    00000000    00000bec   00000bec    r-x
  00000000    00000000    0000026c   0000026c    r-- .intvecs
  0000026c    0000026c    00000880   00000880    r-x .text
  00000aec    00000aec    000000dc   000000dc    r-- .const
  00000bc8    00000bc8    00000024   00000024    r-- .cinit
20000000    20000000    0000007c   00000000    rw-
  20000000    20000000    00000064   00000000    rw- .stack
  20000064    20000064    00000018   00000000    rw- .data


SECTION ALLOCATION MAP

 output                                  attributes/
section   page    origin      length       input sections
--------  ----  ----------  ----------   ----------------
.intvecs   0    00000000    0000026c     
                  00000000    0000026c     tm4c123gh6pm_startup_ccs.obj (.intvecs)

.text      0    0000026c    00000880     
                  0000026c    00000132     driverlib.lib : gpio.obj (.text:GPIOPadConfigSet)
                  0000039e    00000002     rtsv7M4_T_le_v4SPD16_eabi.lib : mpu_init.obj (.text)
                  000003a0    00000110     driverlib.lib : sysctl.obj (.text:SysCtlClockGet)
                  000004b0    000000fc     main.obj (.text)
                  000005ac    000000f4     driverlib.lib : sysctl.obj (.text:SysCtlClockSet)
                  000006a0    0000009c     rtsv7M4_T_le_v4SPD16_eabi.lib : memcpy_t2.obj (.text)
                  0000073c    00000070                                   : autoinit.obj (.text)
                  000007ac    00000068     driverlib.lib : interrupt.obj (.text:IntEnable)
                  00000814    00000068     rtsv7M4_T_le_v4SPD16_eabi.lib : copy_decompress_lzss.obj (.text:decompress:lzss)
                  0000087c    00000060     driverlib.lib : timer.obj (.text:TimerConfigure)
                  000008dc    00000054     rtsv7M4_T_le_v4SPD16_eabi.lib : boot.obj (.text)
                  00000930    00000054                                   : exit.obj (.text)
                  00000984    0000004c                                   : cpy_tbl.obj (.text)
                  000009d0    00000034     driverlib.lib : sysctl.obj (.text:SysCtlPeripheralEnable)
                  00000a04    0000002a                   : gpio.obj (.text:GPIODirModeSet)
                  00000a2e    00000018                   : gpio.obj (.text:GPIOPinTypeGPIOOutput)
                  00000a46    00000002     rtsv7M4_T_le_v4SPD16_eabi.lib : startup.obj (.text)
                  00000a48    00000018                                   : args_main.obj (.text)
                  00000a60    00000014                                   : _lock.obj (.text)
                  00000a74    00000012     driverlib.lib : timer.obj (.text:TimerLoadSet)
                  00000a86    00000010                   : interrupt.obj (.text:IntMasterEnable)
                  00000a96    0000000e                   : timer.obj (.text:TimerEnable)
                  00000aa4    0000000e     rtsv7M4_T_le_v4SPD16_eabi.lib : copy_decompress_none.obj (.text:decompress:none)
                  00000ab2    0000000c     driverlib.lib : cpu.obj (.text:CPUcpsie)
                  00000abe    0000000c     tm4c123gh6pm_startup_ccs.obj (.text)
                  00000aca    00000008     driverlib.lib : timer.obj (.text:TimerIntEnable)
                  00000ad2    00000006                   : gpio.obj (.text:GPIOPinRead)
                  00000ad8    00000006                   : gpio.obj (.text:GPIOPinWrite)
                  00000ade    00000006                   : sysctl.obj (.text:SysCtlDelay)
                  00000ae4    00000004                   : timer.obj (.text:TimerIntClear)
                  00000ae8    00000004     rtsv7M4_T_le_v4SPD16_eabi.lib : pre_init.obj (.text)

.const     0    00000aec    000000dc     
                  00000aec    00000070     driverlib.lib : interrupt.obj (.const)
                  00000b5c    0000006c                   : sysctl.obj (.const:g_pui32Xtals)

.cinit     0    00000bc8    00000024     
                  00000bc8    00000011     (.cinit..data.load) [load image, compression = lzss]
                  00000bd9    00000003     --HOLE-- [fill = 0]
                  00000bdc    00000008     (__TI_handler_table)
                  00000be4    00000008     (__TI_cinit_table)

.init_array 
*          0    00000000    00000000     UNINITIALIZED

.stack     0    20000000    00000064     UNINITIALIZED
                  20000000    00000064     --HOLE--

.data      0    20000064    00000018     UNINITIALIZED
                  20000064    0000000c     rtsv7M4_T_le_v4SPD16_eabi.lib : exit.obj (.data:$O1$$)
                  20000070    00000008                                   : _lock.obj (.data:$O1$$)
                  20000078    00000004                                   : stkdepth_vars.obj (.data)

MODULE SUMMARY

       Module                         code   ro data   rw data
       ------                         ----   -------   -------
    .\
       tm4c123gh6pm_startup_ccs.obj   12     620       0      
       main.obj                       252    0         0      
    +--+------------------------------+------+---------+---------+
       Total:                         264    620       0      
                                                              
    C:/ti/tivaware_c_series_2_1_4_178/driverlib/ccs/Debug/driverlib.lib
       sysctl.obj                     574    108       0      
       gpio.obj                       384    0         0      
       interrupt.obj                  120    112       0      
       timer.obj                      140    0         0      
       cpu.obj                        12     0         0      
    +--+------------------------------+------+---------+---------+
       Total:                         1230   220       0      
                                                              
    C:\ti\ccsv7\tools\compiler\ti-cgt-arm_16.9.3.LTS\lib\rtsv7M4_T_le_v4SPD16_eabi.lib
       memcpy_t2.obj                  156    0         0      
       autoinit.obj                   112    0         0      
       copy_decompress_lzss.obj       104    0         0      
       exit.obj                       84     0         12     
       boot.obj                       84     0         0      
       cpy_tbl.obj                    76     0         0      
       _lock.obj                      20     0         8      
       args_main.obj                  24     0         0      
       copy_decompress_none.obj       14     0         0      
       pre_init.obj                   4      0         0      
       stkdepth_vars.obj              0      0         4      
       mpu_init.obj                   2      0         0      
       startup.obj                    2      0         0      
    +--+------------------------------+------+---------+---------+
       Total:                         682    0         24     
                                                              
       Stack:                         0      0         100    
       Linker Generated:              0      33        0      
    +--+------------------------------+------+---------+---------+
       Grand Total:                   2176   873       124    


LINKER GENERATED COPY TABLES

__TI_cinit_table @ 00000be4 records: 1, size/record: 8, table size: 8
	.data: load addr=00000bc8, load size=00000011 bytes, run addr=20000064, run size=00000018 bytes, compression=lzss


LINKER GENERATED HANDLER TABLE

__TI_handler_table @ 00000bdc records: 2, size/record: 4, table size: 8
	index: 0, handler: __TI_decompress_lzss
	index: 1, handler: __TI_decompress_none


GLOBAL SYMBOLS: SORTED ALPHABETICALLY BY Name 

address   name                           
-------   ----                           
00000931  C$$EXIT                        
00000ab3  CPUcpsie                       
00000a05  GPIODirModeSet                 
0000026d  GPIOPadConfigSet               
00000ad3  GPIOPinRead                    
00000a2f  GPIOPinTypeGPIOOutput          
00000ad9  GPIOPinWrite                   
000007ad  IntEnable                      
00000a87  IntMasterEnable                
00000abf  ResetISR                       
UNDEFED   SHT$$INIT_ARRAY$$Base          
UNDEFED   SHT$$INIT_ARRAY$$Limit         
000003a1  SysCtlClockGet                 
000005ad  SysCtlClockSet                 
00000adf  SysCtlDelay                    
000009d1  SysCtlPeripheralEnable         
00000529  Timer0IntHandler               
0000087d  TimerConfigure                 
00000a97  TimerEnable                    
00000ae5  TimerIntClear                  
00000acb  TimerIntEnable                 
00000a75  TimerLoadSet                   
20000064  __STACK_END                    
00000064  __STACK_SIZE                   
20000200  __STACK_TOP                    
00000be4  __TI_CINIT_Base                
00000bec  __TI_CINIT_Limit               
00000bdc  __TI_Handler_Table_Base        
00000be4  __TI_Handler_Table_Limit       
0000073d  __TI_auto_init                 
20000064  __TI_cleanup_ptr               
00000815  __TI_decompress_lzss           
00000aa5  __TI_decompress_none           
20000068  __TI_dtors_ptr                 
2000006c  __TI_enable_exit_profile_output
ffffffff  __TI_pprof_out_hndl            
ffffffff  __TI_prof_data_size            
ffffffff  __TI_prof_data_start           
00000000  __TI_static_base__             
000006a1  __aeabi_memcpy                 
000006a1  __aeabi_memcpy4                
000006a1  __aeabi_memcpy8                
ffffffff  __binit__                      
ffffffff  __c_args__                     
0000039f  __mpu_init                     
20000000  __stack                        
00000a49  _args_main                     
000008dd  _c_int00                       
20000070  _lock                          
00000a6f  _nop                           
00000a67  _register_lock                 
00000a61  _register_unlock               
00000a47  _system_post_cinit             
00000ae9  _system_pre_init               
20000074  _unlock                        
00000935  abort                          
ffffffff  binit                          
00000985  copy_in                        
0000093d  exit                           
00000000  g_pfnVectors                   
000004b1  main                           
20000078  main_func_sp                   
000006a1  memcpy                         


GLOBAL SYMBOLS: SORTED BY Symbol Address 

address   name                           
-------   ----                           
00000000  __TI_static_base__             
00000000  g_pfnVectors                   
00000064  __STACK_SIZE                   
0000026d  GPIOPadConfigSet               
0000039f  __mpu_init                     
000003a1  SysCtlClockGet                 
000004b1  main                           
00000529  Timer0IntHandler               
000005ad  SysCtlClockSet                 
000006a1  __aeabi_memcpy                 
000006a1  __aeabi_memcpy4                
000006a1  __aeabi_memcpy8                
000006a1  memcpy                         
0000073d  __TI_auto_init                 
000007ad  IntEnable                      
00000815  __TI_decompress_lzss           
0000087d  TimerConfigure                 
000008dd  _c_int00                       
00000931  C$$EXIT                        
00000935  abort                          
0000093d  exit                           
00000985  copy_in                        
000009d1  SysCtlPeripheralEnable         
00000a05  GPIODirModeSet                 
00000a2f  GPIOPinTypeGPIOOutput          
00000a47  _system_post_cinit             
00000a49  _args_main                     
00000a61  _register_unlock               
00000a67  _register_lock                 
00000a6f  _nop                           
00000a75  TimerLoadSet                   
00000a87  IntMasterEnable                
00000a97  TimerEnable                    
00000aa5  __TI_decompress_none           
00000ab3  CPUcpsie                       
00000abf  ResetISR                       
00000acb  TimerIntEnable                 
00000ad3  GPIOPinRead                    
00000ad9  GPIOPinWrite                   
00000adf  SysCtlDelay                    
00000ae5  TimerIntClear                  
00000ae9  _system_pre_init               
00000bdc  __TI_Handler_Table_Base        
00000be4  __TI_CINIT_Base                
00000be4  __TI_Handler_Table_Limit       
00000bec  __TI_CINIT_Limit               
20000000  __stack                        
20000064  __STACK_END                    
20000064  __TI_cleanup_ptr               
20000068  __TI_dtors_ptr                 
2000006c  __TI_enable_exit_profile_output
20000070  _lock                          
20000074  _unlock                        
20000078  main_func_sp                   
20000200  __STACK_TOP                    
ffffffff  __TI_pprof_out_hndl            
ffffffff  __TI_prof_data_size            
ffffffff  __TI_prof_data_start           
ffffffff  __binit__                      
ffffffff  __c_args__                     
ffffffff  binit                          
UNDEFED   SHT$$INIT_ARRAY$$Base          
UNDEFED   SHT$$INIT_ARRAY$$Limit         

[63 symbols]
