******************************************************************************
                  TI ARM Linker PC v16.9.3                     
******************************************************************************
>> Linked Wed Oct 09 06:29:16 2019

OUTPUT FILE NAME:   <lab4.out>
ENTRY POINT SYMBOL: "_c_int00"  address: 000009f1


MEMORY CONFIGURATION

         name            origin    length      used     unused   attr    fill
----------------------  --------  ---------  --------  --------  ----  --------
  FLASH                 00000000   00040000  00000d46  0003f2ba  R  X
  SRAM                  20000000   00008000  0000007c  00007f84  RW X


SEGMENT ALLOCATION MAP

run origin  load origin   length   init length attrs members
----------  ----------- ---------- ----------- ----- -------
00000000    00000000    00000d4c   00000d4c    r-x
  00000000    00000000    0000026c   0000026c    r-- .intvecs
  0000026c    0000026c    000009da   000009da    r-x .text
  00000c48    00000c48    000000dc   000000dc    r-- .const
  00000d28    00000d28    00000024   00000024    r-- .cinit
20000000    20000000    0000007c   00000000    rw-
  20000000    20000000    00000064   00000000    rw- .stack
  20000064    20000064    00000018   00000000    rw- .data


SECTION ALLOCATION MAP

 output                                  attributes/
section   page    origin      length       input sections
--------  ----  ----------  ----------   ----------------
.intvecs   0    00000000    0000026c     
                  00000000    0000026c     tm4c123gh6pm_startup_ccs.obj (.intvecs)

.text      0    0000026c    000009da     
                  0000026c    000001b8     main.obj (.text)
                  00000424    00000132     driverlib.lib : gpio.obj (.text:GPIOPadConfigSet)
                  00000556    00000002     rtsv7M4_T_le_v4SPD16_eabi.lib : mpu_init.obj (.text)
                  00000558    00000110     driverlib.lib : sysctl.obj (.text:SysCtlClockGet)
                  00000668    000000f4                   : sysctl.obj (.text:SysCtlClockSet)
                  0000075c    0000009c     rtsv7M4_T_le_v4SPD16_eabi.lib : memcpy_t2.obj (.text)
                  000007f8    00000070                                   : autoinit.obj (.text)
                  00000868    00000068     driverlib.lib : interrupt.obj (.text:IntEnable)
                  000008d0    00000068     rtsv7M4_T_le_v4SPD16_eabi.lib : copy_decompress_lzss.obj (.text:decompress:lzss)
                  00000938    00000060     driverlib.lib : timer.obj (.text:TimerConfigure)
                  00000998    00000056                   : gpio.obj (.text:GPIOIntTypeSet)
                  000009ee    00000002     rtsv7M4_T_le_v4SPD16_eabi.lib : startup.obj (.text)
                  000009f0    00000054                                   : boot.obj (.text)
                  00000a44    00000054                                   : exit.obj (.text)
                  00000a98    0000004c                                   : cpy_tbl.obj (.text)
                  00000ae4    00000034     driverlib.lib : sysctl.obj (.text:SysCtlPeripheralEnable)
                  00000b18    0000002a                   : gpio.obj (.text:GPIODirModeSet)
                  00000b42    00000018                   : gpio.obj (.text:GPIOPinTypeGPIOOutput)
                  00000b5a    00000002     --HOLE-- [fill = 0]
                  00000b5c    00000018                   : timer.obj (.text:TimerDisable)
                  00000b74    00000018     rtsv7M4_T_le_v4SPD16_eabi.lib : args_main.obj (.text)
                  00000b8c    00000014                                   : _lock.obj (.text)
                  00000ba0    00000012     driverlib.lib : gpio.obj (.text:GPIOPinTypeGPIOInput)
                  00000bb2    00000012                   : timer.obj (.text:TimerLoadSet)
                  00000bc4    00000010                   : interrupt.obj (.text:IntMasterEnable)
                  00000bd4    0000000e                   : timer.obj (.text:TimerEnable)
                  00000be2    0000000e     rtsv7M4_T_le_v4SPD16_eabi.lib : copy_decompress_none.obj (.text:decompress:none)
                  00000bf0    0000000c     driverlib.lib : cpu.obj (.text:CPUcpsie)
                  00000bfc    0000000c                   : gpio.obj (.text:GPIOIntEnable)
                  00000c08    0000000c     tm4c123gh6pm_startup_ccs.obj (.text)
                  00000c14    0000000a     driverlib.lib : timer.obj (.text:TimerIntStatus)
                  00000c1e    00000008                   : timer.obj (.text:TimerIntEnable)
                  00000c26    00000006                   : gpio.obj (.text:GPIOIntClear)
                  00000c2c    00000006                   : gpio.obj (.text:GPIOPinRead)
                  00000c32    00000006                   : gpio.obj (.text:GPIOPinWrite)
                  00000c38    00000006                   : sysctl.obj (.text:SysCtlDelay)
                  00000c3e    00000004                   : timer.obj (.text:TimerIntClear)
                  00000c42    00000004     rtsv7M4_T_le_v4SPD16_eabi.lib : pre_init.obj (.text)

.const     0    00000c48    000000dc     
                  00000c48    00000070     driverlib.lib : interrupt.obj (.const)
                  00000cb8    0000006c                   : sysctl.obj (.const:g_pui32Xtals)

.cinit     0    00000d28    00000024     
                  00000d28    00000011     (.cinit..data.load) [load image, compression = lzss]
                  00000d39    00000003     --HOLE-- [fill = 0]
                  00000d3c    00000008     (__TI_handler_table)
                  00000d44    00000008     (__TI_cinit_table)

.init_array 
*          0    00000000    00000000     UNINITIALIZED

.stack     0    20000000    00000064     UNINITIALIZED
                  20000000    00000064     --HOLE--

.data      0    20000064    00000018     UNINITIALIZED
                  20000064    0000000c     rtsv7M4_T_le_v4SPD16_eabi.lib : exit.obj (.data:$O1$$)
                  20000070    00000008                                   : _lock.obj (.data:$O1$$)
                  20000078    00000004                                   : stkdepth_vars.obj (.data)

MODULE SUMMARY

       Module                         code   ro data   rw data
       ------                         ----   -------   -------
    .\
       tm4c123gh6pm_startup_ccs.obj   12     620       0      
       main.obj                       440    0         0      
    +--+------------------------------+------+---------+---------+
       Total:                         452    620       0      
                                                              
    C:/ti/tivaware_c_series_2_1_4_178/driverlib/ccs/Debug/driverlib.lib
       sysctl.obj                     574    108       0      
       gpio.obj                       506    0         0      
       interrupt.obj                  120    112       0      
       timer.obj                      174    0         0      
       cpu.obj                        12     0         0      
    +--+------------------------------+------+---------+---------+
       Total:                         1386   220       0      
                                                              
    C:\ti\ccsv7\tools\compiler\ti-cgt-arm_16.9.3.LTS\lib\rtsv7M4_T_le_v4SPD16_eabi.lib
       memcpy_t2.obj                  156    0         0      
       autoinit.obj                   112    0         0      
       copy_decompress_lzss.obj       104    0         0      
       exit.obj                       84     0         12     
       boot.obj                       84     0         0      
       cpy_tbl.obj                    76     0         0      
       _lock.obj                      20     0         8      
       args_main.obj                  24     0         0      
       copy_decompress_none.obj       14     0         0      
       pre_init.obj                   4      0         0      
       stkdepth_vars.obj              0      0         4      
       mpu_init.obj                   2      0         0      
       startup.obj                    2      0         0      
    +--+------------------------------+------+---------+---------+
       Total:                         682    0         24     
                                                              
       Stack:                         0      0         100    
       Linker Generated:              0      33        0      
    +--+------------------------------+------+---------+---------+
       Grand Total:                   2520   873       124    


LINKER GENERATED COPY TABLES

__TI_cinit_table @ 00000d44 records: 1, size/record: 8, table size: 8
	.data: load addr=00000d28, load size=00000011 bytes, run addr=20000064, run size=00000018 bytes, compression=lzss


LINKER GENERATED HANDLER TABLE

__TI_handler_table @ 00000d3c records: 2, size/record: 4, table size: 8
	index: 0, handler: __TI_decompress_lzss
	index: 1, handler: __TI_decompress_none


GLOBAL SYMBOLS: SORTED ALPHABETICALLY BY Name 

address   name                           
-------   ----                           
00000a45  C$$EXIT                        
00000bf1  CPUcpsie                       
00000b19  GPIODirModeSet                 
00000c27  GPIOIntClear                   
00000bfd  GPIOIntEnable                  
00000999  GPIOIntTypeSet                 
00000425  GPIOPadConfigSet               
00000c2d  GPIOPinRead                    
00000ba1  GPIOPinTypeGPIOInput           
00000b43  GPIOPinTypeGPIOOutput          
00000c33  GPIOPinWrite                   
00000869  IntEnable                      
00000bc5  IntMasterEnable                
000003a1  PortFPin0IntHandler            
00000c09  ResetISR                       
UNDEFED   SHT$$INIT_ARRAY$$Base          
UNDEFED   SHT$$INIT_ARRAY$$Limit         
00000559  SysCtlClockGet                 
00000669  SysCtlClockSet                 
00000c39  SysCtlDelay                    
00000ae5  SysCtlPeripheralEnable         
00000331  Timer0IntHandler               
00000939  TimerConfigure                 
00000b5d  TimerDisable                   
00000bd5  TimerEnable                    
00000c3f  TimerIntClear                  
00000c1f  TimerIntEnable                 
00000c15  TimerIntStatus                 
00000bb3  TimerLoadSet                   
20000064  __STACK_END                    
00000064  __STACK_SIZE                   
20000200  __STACK_TOP                    
00000d44  __TI_CINIT_Base                
00000d4c  __TI_CINIT_Limit               
00000d3c  __TI_Handler_Table_Base        
00000d44  __TI_Handler_Table_Limit       
000007f9  __TI_auto_init                 
20000064  __TI_cleanup_ptr               
000008d1  __TI_decompress_lzss           
00000be3  __TI_decompress_none           
20000068  __TI_dtors_ptr                 
2000006c  __TI_enable_exit_profile_output
ffffffff  __TI_pprof_out_hndl            
ffffffff  __TI_prof_data_size            
ffffffff  __TI_prof_data_start           
00000000  __TI_static_base__             
0000075d  __aeabi_memcpy                 
0000075d  __aeabi_memcpy4                
0000075d  __aeabi_memcpy8                
ffffffff  __binit__                      
ffffffff  __c_args__                     
00000557  __mpu_init                     
20000000  __stack                        
00000b75  _args_main                     
000009f1  _c_int00                       
20000070  _lock                          
00000b9b  _nop                           
00000b93  _register_lock                 
00000b8d  _register_unlock               
000009ef  _system_post_cinit             
00000c43  _system_pre_init               
20000074  _unlock                        
00000a49  abort                          
ffffffff  binit                          
00000a99  copy_in                        
00000a51  exit                           
00000000  g_pfnVectors                   
0000026d  main                           
20000078  main_func_sp                   
0000075d  memcpy                         


GLOBAL SYMBOLS: SORTED BY Symbol Address 

address   name                           
-------   ----                           
00000000  __TI_static_base__             
00000000  g_pfnVectors                   
00000064  __STACK_SIZE                   
0000026d  main                           
00000331  Timer0IntHandler               
000003a1  PortFPin0IntHandler            
00000425  GPIOPadConfigSet               
00000557  __mpu_init                     
00000559  SysCtlClockGet                 
00000669  SysCtlClockSet                 
0000075d  __aeabi_memcpy                 
0000075d  __aeabi_memcpy4                
0000075d  __aeabi_memcpy8                
0000075d  memcpy                         
000007f9  __TI_auto_init                 
00000869  IntEnable                      
000008d1  __TI_decompress_lzss           
00000939  TimerConfigure                 
00000999  GPIOIntTypeSet                 
000009ef  _system_post_cinit             
000009f1  _c_int00                       
00000a45  C$$EXIT                        
00000a49  abort                          
00000a51  exit                           
00000a99  copy_in                        
00000ae5  SysCtlPeripheralEnable         
00000b19  GPIODirModeSet                 
00000b43  GPIOPinTypeGPIOOutput          
00000b5d  TimerDisable                   
00000b75  _args_main                     
00000b8d  _register_unlock               
00000b93  _register_lock                 
00000b9b  _nop                           
00000ba1  GPIOPinTypeGPIOInput           
00000bb3  TimerLoadSet                   
00000bc5  IntMasterEnable                
00000bd5  TimerEnable                    
00000be3  __TI_decompress_none           
00000bf1  CPUcpsie                       
00000bfd  GPIOIntEnable                  
00000c09  ResetISR                       
00000c15  TimerIntStatus                 
00000c1f  TimerIntEnable                 
00000c27  GPIOIntClear                   
00000c2d  GPIOPinRead                    
00000c33  GPIOPinWrite                   
00000c39  SysCtlDelay                    
00000c3f  TimerIntClear                  
00000c43  _system_pre_init               
00000d3c  __TI_Handler_Table_Base        
00000d44  __TI_CINIT_Base                
00000d44  __TI_Handler_Table_Limit       
00000d4c  __TI_CINIT_Limit               
20000000  __stack                        
20000064  __STACK_END                    
20000064  __TI_cleanup_ptr               
20000068  __TI_dtors_ptr                 
2000006c  __TI_enable_exit_profile_output
20000070  _lock                          
20000074  _unlock                        
20000078  main_func_sp                   
20000200  __STACK_TOP                    
ffffffff  __TI_pprof_out_hndl            
ffffffff  __TI_prof_data_size            
ffffffff  __TI_prof_data_start           
ffffffff  __binit__                      
ffffffff  __c_args__                     
ffffffff  binit                          
UNDEFED   SHT$$INIT_ARRAY$$Base          
UNDEFED   SHT$$INIT_ARRAY$$Limit         

[70 symbols]
