******************************************************************************
                  TI ARM Linker PC v16.9.3                     
******************************************************************************
>> Linked Fri Nov 01 01:35:33 2019

OUTPUT FILE NAME:   <lab7.out>
ENTRY POINT SYMBOL: "_c_int00"  address: 00000c81


MEMORY CONFIGURATION

         name            origin    length      used     unused   attr    fill
----------------------  --------  ---------  --------  --------  ----  --------
  FLASH                 00000000   00040000  0000120a  0003edf6  R  X
  SRAM                  20000000   00008000  000000b4  00007f4c  RW X


SEGMENT ALLOCATION MAP

run origin  load origin   length   init length attrs members
----------  ----------- ---------- ----------- ----- -------
00000000    00000000    00001210   00001210    r-x
  00000000    00000000    0000026c   0000026c    r-- .intvecs
  0000026c    0000026c    00000dfa   00000dfa    r-x .text
  00001068    00001068    0000016c   0000016c    r-- .const
  000011d8    000011d8    00000038   00000038    r-- .cinit
20000000    20000000    000000b4   00000000    rw-
  20000000    20000000    00000064   00000000    rw- .stack
  20000064    20000064    00000038   00000000    rw- .bss
  2000009c    2000009c    00000018   00000000    rw- .data


SECTION ALLOCATION MAP

 output                                  attributes/
section   page    origin      length       input sections
--------  ----  ----------  ----------   ----------------
.intvecs   0    00000000    0000026c     
                  00000000    0000026c     tm4c123gh6pm_startup_ccs.obj (.intvecs)

.text      0    0000026c    00000dfa     
                  0000026c    0000040c     main.obj (.text)
                  00000678    00000132     driverlib.lib : gpio.obj (.text:GPIOPadConfigSet)
                  000007aa    00000002     rtsv7M4_T_le_v4SPD16_eabi.lib : mpu_init.obj (.text)
                  000007ac    00000110     driverlib.lib : sysctl.obj (.text:SysCtlClockGet)
                  000008bc    000000f4                   : sysctl.obj (.text:SysCtlClockSet)
                  000009b0    0000009c     rtsv7M4_T_le_v4SPD16_eabi.lib : memcpy_t2.obj (.text)
                  00000a4c    0000007a     driverlib.lib : adc.obj (.text:ADCSequenceStepConfigure)
                  00000ac6    0000007a     rtsv7M4_T_le_v4SPD16_eabi.lib : memset_t2.obj (.text)
                  00000b40    00000070                                   : autoinit.obj (.text)
                  00000bb0    00000068     driverlib.lib : interrupt.obj (.text:IntEnable)
                  00000c18    00000068     rtsv7M4_T_le_v4SPD16_eabi.lib : copy_decompress_lzss.obj (.text:decompress:lzss)
                  00000c80    00000054                                   : boot.obj (.text)
                  00000cd4    00000054                                   : exit.obj (.text)
                  00000d28    00000050     driverlib.lib : adc.obj (.text:ADCSequenceConfigure)
                  00000d78    0000004c     rtsv7M4_T_le_v4SPD16_eabi.lib : cpy_tbl.obj (.text)
                  00000dc4    00000048     driverlib.lib : gpio.obj (.text:GPIOPinConfigure)
                  00000e0c    00000046                   : uart.obj (.text:UARTConfigSetExpClk)
                  00000e52    00000002     rtsv7M4_T_le_v4SPD16_eabi.lib : startup.obj (.text)
                  00000e54    00000034     driverlib.lib : sysctl.obj (.text:SysCtlPeripheralEnable)
                  00000e88    0000002e                   : adc.obj (.text:ADCIntStatus)
                  00000eb6    0000002a                   : gpio.obj (.text:GPIODirModeSet)
                  00000ee0    00000020                   : uart.obj (.text:UARTDisable)
                  00000f00    0000001e                   : adc.obj (.text:ADCSequenceDataGet)
                  00000f1e    00000018                   : adc.obj (.text:ADCProcessorTrigger)
                  00000f36    00000018                   : gpio.obj (.text:GPIOPinTypeGPIOOutput)
                  00000f4e    00000002     --HOLE-- [fill = 0]
                  00000f50    00000018     rtsv7M4_T_le_v4SPD16_eabi.lib : args_main.obj (.text)
                  00000f68    00000014     driverlib.lib : uart.obj (.text:UARTEnable)
                  00000f7c    00000014     rtsv7M4_T_le_v4SPD16_eabi.lib : _lock.obj (.text)
                  00000f90    00000014                                   : strlen.obj (.text)
                  00000fa4    00000012     driverlib.lib : gpio.obj (.text:GPIOPinTypeUART)
                  00000fb6    00000010                   : interrupt.obj (.text:IntMasterEnable)
                  00000fc6    0000000e                   : adc.obj (.text:ADCHardwareOversampleConfigure)
                  00000fd4    0000000e                   : adc.obj (.text:ADCSequenceEnable)
                  00000fe2    0000000e                   : uart.obj (.text:UARTCharsAvail)
                  00000ff0    0000000e     rtsv7M4_T_le_v4SPD16_eabi.lib : copy_decompress_none.obj (.text:decompress:none)
                  00000ffe    0000000c     driverlib.lib : cpu.obj (.text:CPUcpsie)
                  0000100a    0000000c     rtsv7M4_T_le_v4SPD16_eabi.lib : copy_zero_init.obj (.text:decompress:ZI)
                  00001016    0000000c     tm4c123gh6pm_startup_ccs.obj (.text)
                  00001022    0000000a     driverlib.lib : adc.obj (.text:ADCIntClear)
                  0000102c    0000000a                   : uart.obj (.text:UARTCharGet)
                  00001036    0000000a                   : uart.obj (.text:UARTCharPut)
                  00001040    0000000a                   : uart.obj (.text:UARTIntStatus)
                  0000104a    00000008                   : uart.obj (.text:UARTIntEnable)
                  00001052    00000006                   : gpio.obj (.text:GPIOPinWrite)
                  00001058    00000006                   : sysctl.obj (.text:SysCtlDelay)
                  0000105e    00000004                   : uart.obj (.text:UARTIntClear)
                  00001062    00000004     rtsv7M4_T_le_v4SPD16_eabi.lib : pre_init.obj (.text)

.const     0    00001068    0000016c     
                  00001068    00000090     driverlib.lib : gpio.obj (.const:g_pui32GPIOBaseAddrs)
                  000010f8    00000070                   : interrupt.obj (.const)
                  00001168    0000006c                   : sysctl.obj (.const:g_pui32Xtals)

.cinit     0    000011d8    00000038     
                  000011d8    00000011     (.cinit..data.load) [load image, compression = lzss]
                  000011e9    00000003     --HOLE-- [fill = 0]
                  000011ec    0000000c     (__TI_handler_table)
                  000011f8    00000008     (.cinit..bss.load) [load image, compression = zero_init]
                  00001200    00000010     (__TI_cinit_table)

.init_array 
*          0    00000000    00000000     UNINITIALIZED

.stack     0    20000000    00000064     UNINITIALIZED
                  20000000    00000064     --HOLE--

.bss       0    20000064    00000038     UNINITIALIZED
                  20000064    00000010     (.common:ui32ADC0Value)
                  20000074    0000000c     (.common:string)
                  20000080    0000000c     (.common:string1)
                  2000008c    00000004     (.common:ui32TempAvg)
                  20000090    00000004     (.common:ui32TempValueC)
                  20000094    00000004     (.common:ui32TempValueF)
                  20000098    00000004     (.common:ui8PinData)

.data      0    2000009c    00000018     UNINITIALIZED
                  2000009c    0000000c     rtsv7M4_T_le_v4SPD16_eabi.lib : exit.obj (.data:$O1$$)
                  200000a8    00000008                                   : _lock.obj (.data:$O1$$)
                  200000b0    00000004                                   : stkdepth_vars.obj (.data)

MODULE SUMMARY

       Module                         code   ro data   rw data
       ------                         ----   -------   -------
    .\
       main.obj                       1036   0         56     
       tm4c123gh6pm_startup_ccs.obj   12     620       0      
    +--+------------------------------+------+---------+---------+
       Total:                         1048   620       56     
                                                              
    C:/ti/tivaware_c_series_2_1_4_178/driverlib/ccs/Debug/driverlib.lib
       sysctl.obj                     574    108       0      
       gpio.obj                       468    144       0      
       adc.obj                        340    0         0      
       interrupt.obj                  120    112       0      
       uart.obj                       178    0         0      
       cpu.obj                        12     0         0      
    +--+------------------------------+------+---------+---------+
       Total:                         1692   364       0      
                                                              
    C:\ti\ccsv7\tools\compiler\ti-cgt-arm_16.9.3.LTS\lib\rtsv7M4_T_le_v4SPD16_eabi.lib
       memcpy_t2.obj                  156    0         0      
       memset_t2.obj                  122    0         0      
       autoinit.obj                   112    0         0      
       copy_decompress_lzss.obj       104    0         0      
       exit.obj                       84     0         12     
       boot.obj                       84     0         0      
       cpy_tbl.obj                    76     0         0      
       _lock.obj                      20     0         8      
       args_main.obj                  24     0         0      
       strlen.obj                     20     0         0      
       copy_decompress_none.obj       14     0         0      
       copy_zero_init.obj             12     0         0      
       pre_init.obj                   4      0         0      
       stkdepth_vars.obj              0      0         4      
       mpu_init.obj                   2      0         0      
       startup.obj                    2      0         0      
    +--+------------------------------+------+---------+---------+
       Total:                         836    0         24     
                                                              
       Stack:                         0      0         100    
       Linker Generated:              0      53        0      
    +--+------------------------------+------+---------+---------+
       Grand Total:                   3576   1037      180    


LINKER GENERATED COPY TABLES

__TI_cinit_table @ 00001200 records: 2, size/record: 8, table size: 16
	.data: load addr=000011d8, load size=00000011 bytes, run addr=2000009c, run size=00000018 bytes, compression=lzss
	.bss: load addr=000011f8, load size=00000008 bytes, run addr=20000064, run size=00000038 bytes, compression=zero_init


LINKER GENERATED HANDLER TABLE

__TI_handler_table @ 000011ec records: 3, size/record: 4, table size: 12
	index: 0, handler: __TI_decompress_lzss
	index: 1, handler: __TI_decompress_none
	index: 2, handler: __TI_zero_init


GLOBAL SYMBOLS: SORTED ALPHABETICALLY BY Name 

address   name                           
-------   ----                           
00000fc7  ADCHardwareOversampleConfigure 
00001023  ADCIntClear                    
00000e89  ADCIntStatus                   
00000f1f  ADCProcessorTrigger            
00000d29  ADCSequenceConfigure           
00000f01  ADCSequenceDataGet             
00000fd5  ADCSequenceEnable              
00000a4d  ADCSequenceStepConfigure       
00000cd5  C$$EXIT                        
00000fff  CPUcpsie                       
00000eb7  GPIODirModeSet                 
00000679  GPIOPadConfigSet               
00000dc5  GPIOPinConfigure               
00000f37  GPIOPinTypeGPIOOutput          
00000fa5  GPIOPinTypeUART                
00001053  GPIOPinWrite                   
00000bb1  IntEnable                      
00000fb7  IntMasterEnable                
00001017  ResetISR                       
UNDEFED   SHT$$INIT_ARRAY$$Base          
UNDEFED   SHT$$INIT_ARRAY$$Limit         
000007ad  SysCtlClockGet                 
000008bd  SysCtlClockSet                 
00001059  SysCtlDelay                    
00000e55  SysCtlPeripheralEnable         
0000102d  UARTCharGet                    
00001037  UARTCharPut                    
00000fe3  UARTCharsAvail                 
00000e0d  UARTConfigSetExpClk            
00000ee1  UARTDisable                    
00000f69  UARTEnable                     
0000105f  UARTIntClear                   
0000104b  UARTIntEnable                  
00000345  UARTIntHandler                 
00001041  UARTIntStatus                  
20000064  __STACK_END                    
00000064  __STACK_SIZE                   
20000200  __STACK_TOP                    
00001200  __TI_CINIT_Base                
00001210  __TI_CINIT_Limit               
000011ec  __TI_Handler_Table_Base        
000011f8  __TI_Handler_Table_Limit       
00000b41  __TI_auto_init                 
2000009c  __TI_cleanup_ptr               
00000c19  __TI_decompress_lzss           
00000ff1  __TI_decompress_none           
200000a0  __TI_dtors_ptr                 
200000a4  __TI_enable_exit_profile_output
ffffffff  __TI_pprof_out_hndl            
ffffffff  __TI_prof_data_size            
ffffffff  __TI_prof_data_start           
00000000  __TI_static_base__             
0000100b  __TI_zero_init                 
00000ac7  __aeabi_memclr                 
00000ac7  __aeabi_memclr4                
00000ac7  __aeabi_memclr8                
000009b1  __aeabi_memcpy                 
000009b1  __aeabi_memcpy4                
000009b1  __aeabi_memcpy8                
00000ac9  __aeabi_memset                 
00000ac9  __aeabi_memset4                
00000ac9  __aeabi_memset8                
ffffffff  __binit__                      
ffffffff  __c_args__                     
000007ab  __mpu_init                     
20000000  __stack                        
00000f51  _args_main                     
00000c81  _c_int00                       
200000a8  _lock                          
00000f8b  _nop                           
00000f83  _register_lock                 
00000f7d  _register_unlock               
00000e53  _system_post_cinit             
00001063  _system_pre_init               
200000ac  _unlock                        
00000cd9  abort                          
ffffffff  binit                          
00000d79  copy_in                        
00000ce1  exit                           
00000000  g_pfnVectors                   
000002e3  itoa                           
00000463  main                           
200000b0  main_func_sp                   
000009b1  memcpy                         
00000acf  memset                         
0000026d  printm                         
0000028d  reverse                        
20000074  string                         
20000080  string1                        
00000f91  strlen                         
20000064  ui32ADC0Value                  
2000008c  ui32TempAvg                    
20000090  ui32TempValueC                 
20000094  ui32TempValueF                 
20000098  ui8PinData                     


GLOBAL SYMBOLS: SORTED BY Symbol Address 

address   name                           
-------   ----                           
00000000  __TI_static_base__             
00000000  g_pfnVectors                   
00000064  __STACK_SIZE                   
0000026d  printm                         
0000028d  reverse                        
000002e3  itoa                           
00000345  UARTIntHandler                 
00000463  main                           
00000679  GPIOPadConfigSet               
000007ab  __mpu_init                     
000007ad  SysCtlClockGet                 
000008bd  SysCtlClockSet                 
000009b1  __aeabi_memcpy                 
000009b1  __aeabi_memcpy4                
000009b1  __aeabi_memcpy8                
000009b1  memcpy                         
00000a4d  ADCSequenceStepConfigure       
00000ac7  __aeabi_memclr                 
00000ac7  __aeabi_memclr4                
00000ac7  __aeabi_memclr8                
00000ac9  __aeabi_memset                 
00000ac9  __aeabi_memset4                
00000ac9  __aeabi_memset8                
00000acf  memset                         
00000b41  __TI_auto_init                 
00000bb1  IntEnable                      
00000c19  __TI_decompress_lzss           
00000c81  _c_int00                       
00000cd5  C$$EXIT                        
00000cd9  abort                          
00000ce1  exit                           
00000d29  ADCSequenceConfigure           
00000d79  copy_in                        
00000dc5  GPIOPinConfigure               
00000e0d  UARTConfigSetExpClk            
00000e53  _system_post_cinit             
00000e55  SysCtlPeripheralEnable         
00000e89  ADCIntStatus                   
00000eb7  GPIODirModeSet                 
00000ee1  UARTDisable                    
00000f01  ADCSequenceDataGet             
00000f1f  ADCProcessorTrigger            
00000f37  GPIOPinTypeGPIOOutput          
00000f51  _args_main                     
00000f69  UARTEnable                     
00000f7d  _register_unlock               
00000f83  _register_lock                 
00000f8b  _nop                           
00000f91  strlen                         
00000fa5  GPIOPinTypeUART                
00000fb7  IntMasterEnable                
00000fc7  ADCHardwareOversampleConfigure 
00000fd5  ADCSequenceEnable              
00000fe3  UARTCharsAvail                 
00000ff1  __TI_decompress_none           
00000fff  CPUcpsie                       
0000100b  __TI_zero_init                 
00001017  ResetISR                       
00001023  ADCIntClear                    
0000102d  UARTCharGet                    
00001037  UARTCharPut                    
00001041  UARTIntStatus                  
0000104b  UARTIntEnable                  
00001053  GPIOPinWrite                   
00001059  SysCtlDelay                    
0000105f  UARTIntClear                   
00001063  _system_pre_init               
000011ec  __TI_Handler_Table_Base        
000011f8  __TI_Handler_Table_Limit       
00001200  __TI_CINIT_Base                
00001210  __TI_CINIT_Limit               
20000000  __stack                        
20000064  __STACK_END                    
20000064  ui32ADC0Value                  
20000074  string                         
20000080  string1                        
2000008c  ui32TempAvg                    
20000090  ui32TempValueC                 
20000094  ui32TempValueF                 
20000098  ui8PinData                     
2000009c  __TI_cleanup_ptr               
200000a0  __TI_dtors_ptr                 
200000a4  __TI_enable_exit_profile_output
200000a8  _lock                          
200000ac  _unlock                        
200000b0  main_func_sp                   
20000200  __STACK_TOP                    
ffffffff  __TI_pprof_out_hndl            
ffffffff  __TI_prof_data_size            
ffffffff  __TI_prof_data_start           
ffffffff  __binit__                      
ffffffff  __c_args__                     
ffffffff  binit                          
UNDEFED   SHT$$INIT_ARRAY$$Base          
UNDEFED   SHT$$INIT_ARRAY$$Limit         

[95 symbols]
