******************************************************************************
                  TI ARM Linker PC v16.9.3                     
******************************************************************************
>> Linked Thu Oct 10 07:19:09 2019

OUTPUT FILE NAME:   <lab5.out>
ENTRY POINT SYMBOL: "_c_int00"  address: 00000795


MEMORY CONFIGURATION

         name            origin    length      used     unused   attr    fill
----------------------  --------  ---------  --------  --------  ----  --------
  FLASH                 00000000   00040000  00000a46  0003f5ba  R  X
  SRAM                  20000000   00008000  0000007c  00007f84  RW X


SEGMENT ALLOCATION MAP

run origin  load origin   length   init length attrs members
----------  ----------- ---------- ----------- ----- -------
00000000    00000000    00000a4c   00000a4c    r-x
  00000000    00000000    0000026c   0000026c    r-- .intvecs
  0000026c    0000026c    000007b6   000007b6    r-x .text
  00000a28    00000a28    00000024   00000024    r-- .cinit
20000000    20000000    0000007c   00000000    rw-
  20000000    20000000    00000064   00000000    rw- .stack
  20000064    20000064    00000018   00000000    rw- .data


SECTION ALLOCATION MAP

 output                                  attributes/
section   page    origin      length       input sections
--------  ----  ----------  ----------   ----------------
.intvecs   0    00000000    0000026c     
                  00000000    0000026c     tm4c123gh6pm_startup_ccs.obj (.intvecs)

.text      0    0000026c    000007b6     
                  0000026c    00000132     driverlib.lib : gpio.obj (.text:GPIOPadConfigSet)
                  0000039e    00000002     rtsv7M4_T_le_v4SPD16_eabi.lib : mpu_init.obj (.text)
                  000003a0    00000110     main.obj (.text)
                  000004b0    000000f4     driverlib.lib : sysctl.obj (.text:SysCtlClockSet)
                  000005a4    0000009c     rtsv7M4_T_le_v4SPD16_eabi.lib : memcpy_t2.obj (.text)
                  00000640    0000007a     driverlib.lib : adc.obj (.text:ADCSequenceStepConfigure)
                  000006ba    00000002     rtsv7M4_T_le_v4SPD16_eabi.lib : startup.obj (.text)
                  000006bc    00000070                                   : autoinit.obj (.text)
                  0000072c    00000068                                   : copy_decompress_lzss.obj (.text:decompress:lzss)
                  00000794    00000054                                   : boot.obj (.text)
                  000007e8    00000054                                   : exit.obj (.text)
                  0000083c    00000050     driverlib.lib : adc.obj (.text:ADCSequenceConfigure)
                  0000088c    0000004c     rtsv7M4_T_le_v4SPD16_eabi.lib : cpy_tbl.obj (.text)
                  000008d8    00000034     driverlib.lib : sysctl.obj (.text:SysCtlPeripheralEnable)
                  0000090c    0000002e                   : adc.obj (.text:ADCIntStatus)
                  0000093a    0000002a                   : gpio.obj (.text:GPIODirModeSet)
                  00000964    0000001e                   : adc.obj (.text:ADCSequenceDataGet)
                  00000982    00000018                   : adc.obj (.text:ADCProcessorTrigger)
                  0000099a    00000018                   : gpio.obj (.text:GPIOPinTypeGPIOOutput)
                  000009b2    00000002     --HOLE-- [fill = 0]
                  000009b4    00000018     rtsv7M4_T_le_v4SPD16_eabi.lib : args_main.obj (.text)
                  000009cc    00000014                                   : _lock.obj (.text)
                  000009e0    0000000e     driverlib.lib : adc.obj (.text:ADCSequenceEnable)
                  000009ee    0000000e     rtsv7M4_T_le_v4SPD16_eabi.lib : copy_decompress_none.obj (.text:decompress:none)
                  000009fc    0000000c     tm4c123gh6pm_startup_ccs.obj (.text)
                  00000a08    0000000a     driverlib.lib : adc.obj (.text:ADCIntClear)
                  00000a12    00000006                   : gpio.obj (.text:GPIOPinWrite)
                  00000a18    00000006                   : sysctl.obj (.text:SysCtlDelay)
                  00000a1e    00000004     rtsv7M4_T_le_v4SPD16_eabi.lib : pre_init.obj (.text)

.cinit     0    00000a28    00000024     
                  00000a28    00000011     (.cinit..data.load) [load image, compression = lzss]
                  00000a39    00000003     --HOLE-- [fill = 0]
                  00000a3c    00000008     (__TI_handler_table)
                  00000a44    00000008     (__TI_cinit_table)

.init_array 
*          0    00000000    00000000     UNINITIALIZED

.stack     0    20000000    00000064     UNINITIALIZED
                  20000000    00000064     --HOLE--

.data      0    20000064    00000018     UNINITIALIZED
                  20000064    0000000c     rtsv7M4_T_le_v4SPD16_eabi.lib : exit.obj (.data:$O1$$)
                  20000070    00000008                                   : _lock.obj (.data:$O1$$)
                  20000078    00000004                                   : stkdepth_vars.obj (.data)

MODULE SUMMARY

       Module                         code   ro data   rw data
       ------                         ----   -------   -------
    .\
       tm4c123gh6pm_startup_ccs.obj   12     620       0      
       main.obj                       272    0         0      
    +--+------------------------------+------+---------+---------+
       Total:                         284    620       0      
                                                              
    C:/ti/tivaware_c_series_2_1_4_178/driverlib/ccs/Debug/driverlib.lib
       gpio.obj                       378    0         0      
       adc.obj                        326    0         0      
       sysctl.obj                     302    0         0      
    +--+------------------------------+------+---------+---------+
       Total:                         1006   0         0      
                                                              
    C:\ti\ccsv7\tools\compiler\ti-cgt-arm_16.9.3.LTS\lib\rtsv7M4_T_le_v4SPD16_eabi.lib
       memcpy_t2.obj                  156    0         0      
       autoinit.obj                   112    0         0      
       copy_decompress_lzss.obj       104    0         0      
       exit.obj                       84     0         12     
       boot.obj                       84     0         0      
       cpy_tbl.obj                    76     0         0      
       _lock.obj                      20     0         8      
       args_main.obj                  24     0         0      
       copy_decompress_none.obj       14     0         0      
       pre_init.obj                   4      0         0      
       stkdepth_vars.obj              0      0         4      
       mpu_init.obj                   2      0         0      
       startup.obj                    2      0         0      
    +--+------------------------------+------+---------+---------+
       Total:                         682    0         24     
                                                              
       Stack:                         0      0         100    
       Linker Generated:              0      33        0      
    +--+------------------------------+------+---------+---------+
       Grand Total:                   1972   653       124    


LINKER GENERATED COPY TABLES

__TI_cinit_table @ 00000a44 records: 1, size/record: 8, table size: 8
	.data: load addr=00000a28, load size=00000011 bytes, run addr=20000064, run size=00000018 bytes, compression=lzss


LINKER GENERATED HANDLER TABLE

__TI_handler_table @ 00000a3c records: 2, size/record: 4, table size: 8
	index: 0, handler: __TI_decompress_lzss
	index: 1, handler: __TI_decompress_none


GLOBAL SYMBOLS: SORTED ALPHABETICALLY BY Name 

address   name                           
-------   ----                           
00000a09  ADCIntClear                    
0000090d  ADCIntStatus                   
00000983  ADCProcessorTrigger            
0000083d  ADCSequenceConfigure           
00000965  ADCSequenceDataGet             
000009e1  ADCSequenceEnable              
00000641  ADCSequenceStepConfigure       
000007e9  C$$EXIT                        
0000093b  GPIODirModeSet                 
0000026d  GPIOPadConfigSet               
0000099b  GPIOPinTypeGPIOOutput          
00000a13  GPIOPinWrite                   
000009fd  ResetISR                       
UNDEFED   SHT$$INIT_ARRAY$$Base          
UNDEFED   SHT$$INIT_ARRAY$$Limit         
000004b1  SysCtlClockSet                 
00000a19  SysCtlDelay                    
000008d9  SysCtlPeripheralEnable         
20000064  __STACK_END                    
00000064  __STACK_SIZE                   
20000200  __STACK_TOP                    
00000a44  __TI_CINIT_Base                
00000a4c  __TI_CINIT_Limit               
00000a3c  __TI_Handler_Table_Base        
00000a44  __TI_Handler_Table_Limit       
000006bd  __TI_auto_init                 
20000064  __TI_cleanup_ptr               
0000072d  __TI_decompress_lzss           
000009ef  __TI_decompress_none           
20000068  __TI_dtors_ptr                 
2000006c  __TI_enable_exit_profile_output
ffffffff  __TI_pprof_out_hndl            
ffffffff  __TI_prof_data_size            
ffffffff  __TI_prof_data_start           
00000000  __TI_static_base__             
000005a5  __aeabi_memcpy                 
000005a5  __aeabi_memcpy4                
000005a5  __aeabi_memcpy8                
ffffffff  __binit__                      
ffffffff  __c_args__                     
0000039f  __mpu_init                     
20000000  __stack                        
000009b5  _args_main                     
00000795  _c_int00                       
20000070  _lock                          
000009db  _nop                           
000009d3  _register_lock                 
000009cd  _register_unlock               
000006bb  _system_post_cinit             
00000a1f  _system_pre_init               
20000074  _unlock                        
000007ed  abort                          
ffffffff  binit                          
0000088d  copy_in                        
000007f5  exit                           
00000000  g_pfnVectors                   
000003ad  main                           
20000078  main_func_sp                   
000005a5  memcpy                         
000003a1  void__error__                  


GLOBAL SYMBOLS: SORTED BY Symbol Address 

address   name                           
-------   ----                           
00000000  __TI_static_base__             
00000000  g_pfnVectors                   
00000064  __STACK_SIZE                   
0000026d  GPIOPadConfigSet               
0000039f  __mpu_init                     
000003a1  void__error__                  
000003ad  main                           
000004b1  SysCtlClockSet                 
000005a5  __aeabi_memcpy                 
000005a5  __aeabi_memcpy4                
000005a5  __aeabi_memcpy8                
000005a5  memcpy                         
00000641  ADCSequenceStepConfigure       
000006bb  _system_post_cinit             
000006bd  __TI_auto_init                 
0000072d  __TI_decompress_lzss           
00000795  _c_int00                       
000007e9  C$$EXIT                        
000007ed  abort                          
000007f5  exit                           
0000083d  ADCSequenceConfigure           
0000088d  copy_in                        
000008d9  SysCtlPeripheralEnable         
0000090d  ADCIntStatus                   
0000093b  GPIODirModeSet                 
00000965  ADCSequenceDataGet             
00000983  ADCProcessorTrigger            
0000099b  GPIOPinTypeGPIOOutput          
000009b5  _args_main                     
000009cd  _register_unlock               
000009d3  _register_lock                 
000009db  _nop                           
000009e1  ADCSequenceEnable              
000009ef  __TI_decompress_none           
000009fd  ResetISR                       
00000a09  ADCIntClear                    
00000a13  GPIOPinWrite                   
00000a19  SysCtlDelay                    
00000a1f  _system_pre_init               
00000a3c  __TI_Handler_Table_Base        
00000a44  __TI_CINIT_Base                
00000a44  __TI_Handler_Table_Limit       
00000a4c  __TI_CINIT_Limit               
20000000  __stack                        
20000064  __STACK_END                    
20000064  __TI_cleanup_ptr               
20000068  __TI_dtors_ptr                 
2000006c  __TI_enable_exit_profile_output
20000070  _lock                          
20000074  _unlock                        
20000078  main_func_sp                   
20000200  __STACK_TOP                    
ffffffff  __TI_pprof_out_hndl            
ffffffff  __TI_prof_data_size            
ffffffff  __TI_prof_data_start           
ffffffff  __binit__                      
ffffffff  __c_args__                     
ffffffff  binit                          
UNDEFED   SHT$$INIT_ARRAY$$Base          
UNDEFED   SHT$$INIT_ARRAY$$Limit         

[60 symbols]
