******************************************************************************
                  TI ARM Linker PC v16.9.3                     
******************************************************************************
>> Linked Wed Oct 02 14:05:05 2019

OUTPUT FILE NAME:   <lab3.out>
ENTRY POINT SYMBOL: "_c_int00"  address: 0000074d


MEMORY CONFIGURATION

         name            origin    length      used     unused   attr    fill
----------------------  --------  ---------  --------  --------  ----  --------
  FLASH                 00000000   00040000  00000932  0003f6ce  R  X
  SRAM                  20000000   00008000  00000219  00007de7  RW X


SEGMENT ALLOCATION MAP

run origin  load origin   length   init length attrs members
----------  ----------- ---------- ----------- ----- -------
00000000    00000000    00000934   00000934    r-x
  00000000    00000000    0000026c   0000026c    r-- .intvecs
  0000026c    0000026c    000006a2   000006a2    r-x .text
  00000910    00000910    00000024   00000024    r-- .cinit
20000000    20000000    00000219   00000000    rw-
  20000000    20000000    00000200   00000000    rw- .stack
  20000200    20000200    00000019   00000000    rw- .data


SECTION ALLOCATION MAP

 output                                  attributes/
section   page    origin      length       input sections
--------  ----  ----------  ----------   ----------------
.intvecs   0    00000000    0000026c     
                  00000000    0000026c     tm4c123gh6pm_startup_ccs.obj (.intvecs)

.text      0    0000026c    000006a2     
                  0000026c    00000144     main.obj (.text)
                  000003b0    00000132     driverlib.lib : gpio.obj (.text:GPIOPadConfigSet)
                  000004e2    00000002     rtsv7M4_T_le_v4SPD16_eabi.lib : mpu_init.obj (.text)
                  000004e4    000000f4     driverlib.lib : sysctl.obj (.text:SysCtlClockSet)
                  000005d8    0000009c     rtsv7M4_T_le_v4SPD16_eabi.lib : memcpy_t2.obj (.text)
                  00000674    00000070                                   : autoinit.obj (.text)
                  000006e4    00000068                                   : copy_decompress_lzss.obj (.text:decompress:lzss)
                  0000074c    00000054                                   : boot.obj (.text)
                  000007a0    00000054                                   : exit.obj (.text)
                  000007f4    0000004c                                   : cpy_tbl.obj (.text)
                  00000840    00000034     driverlib.lib : sysctl.obj (.text:SysCtlPeripheralEnable)
                  00000874    0000002a                   : gpio.obj (.text:GPIODirModeSet)
                  0000089e    00000018                   : gpio.obj (.text:GPIOPinTypeGPIOOutput)
                  000008b6    00000002     rtsv7M4_T_le_v4SPD16_eabi.lib : startup.obj (.text)
                  000008b8    00000018                                   : args_main.obj (.text)
                  000008d0    00000014                                   : _lock.obj (.text)
                  000008e4    0000000e                                   : copy_decompress_none.obj (.text:decompress:none)
                  000008f2    0000000c     tm4c123gh6pm_startup_ccs.obj (.text)
                  000008fe    00000006     driverlib.lib : gpio.obj (.text:GPIOPinWrite)
                  00000904    00000006                   : sysctl.obj (.text:SysCtlDelay)
                  0000090a    00000004     rtsv7M4_T_le_v4SPD16_eabi.lib : pre_init.obj (.text)

.cinit     0    00000910    00000024     
                  00000910    00000012     (.cinit..data.load) [load image, compression = lzss]
                  00000922    00000002     --HOLE-- [fill = 0]
                  00000924    00000008     (__TI_handler_table)
                  0000092c    00000008     (__TI_cinit_table)

.init_array 
*          0    00000000    00000000     UNINITIALIZED

.stack     0    20000000    00000200     UNINITIALIZED
                  20000000    00000200     --HOLE--

.data      0    20000200    00000019     UNINITIALIZED
                  20000200    0000000c     rtsv7M4_T_le_v4SPD16_eabi.lib : exit.obj (.data:$O1$$)
                  2000020c    00000008                                   : _lock.obj (.data:$O1$$)
                  20000214    00000004                                   : stkdepth_vars.obj (.data)
                  20000218    00000001     main.obj (.data)

MODULE SUMMARY

       Module                         code   ro data   rw data
       ------                         ----   -------   -------
    .\
       tm4c123gh6pm_startup_ccs.obj   12     620       0      
       main.obj                       324    0         1      
    +--+------------------------------+------+---------+---------+
       Total:                         336    620       1      
                                                              
    C:/ti/tivaware_c_series_2_1_4_178/driverlib/ccs/Debug/driverlib.lib
       gpio.obj                       378    0         0      
       sysctl.obj                     302    0         0      
    +--+------------------------------+------+---------+---------+
       Total:                         680    0         0      
                                                              
    C:\ti\ccsv7\tools\compiler\ti-cgt-arm_16.9.3.LTS\lib\rtsv7M4_T_le_v4SPD16_eabi.lib
       memcpy_t2.obj                  156    0         0      
       autoinit.obj                   112    0         0      
       copy_decompress_lzss.obj       104    0         0      
       exit.obj                       84     0         12     
       boot.obj                       84     0         0      
       cpy_tbl.obj                    76     0         0      
       _lock.obj                      20     0         8      
       args_main.obj                  24     0         0      
       copy_decompress_none.obj       14     0         0      
       pre_init.obj                   4      0         0      
       stkdepth_vars.obj              0      0         4      
       mpu_init.obj                   2      0         0      
       startup.obj                    2      0         0      
    +--+------------------------------+------+---------+---------+
       Total:                         682    0         24     
                                                              
       Stack:                         0      0         512    
       Linker Generated:              0      34        0      
    +--+------------------------------+------+---------+---------+
       Grand Total:                   1698   654       537    


LINKER GENERATED COPY TABLES

__TI_cinit_table @ 0000092c records: 1, size/record: 8, table size: 8
	.data: load addr=00000910, load size=00000012 bytes, run addr=20000200, run size=00000019 bytes, compression=lzss


LINKER GENERATED HANDLER TABLE

__TI_handler_table @ 00000924 records: 2, size/record: 4, table size: 8
	index: 0, handler: __TI_decompress_lzss
	index: 1, handler: __TI_decompress_none


GLOBAL SYMBOLS: SORTED ALPHABETICALLY BY Name 

address   name                           
-------   ----                           
000007a1  C$$EXIT                        
00000875  GPIODirModeSet                 
000003b1  GPIOPadConfigSet               
0000089f  GPIOPinTypeGPIOOutput          
000008ff  GPIOPinWrite                   
000008f3  ResetISR                       
UNDEFED   SHT$$INIT_ARRAY$$Base          
UNDEFED   SHT$$INIT_ARRAY$$Limit         
000004e5  SysCtlClockSet                 
00000905  SysCtlDelay                    
00000841  SysCtlPeripheralEnable         
20000200  __STACK_END                    
00000200  __STACK_SIZE                   
20000200  __STACK_TOP                    
0000092c  __TI_CINIT_Base                
00000934  __TI_CINIT_Limit               
00000924  __TI_Handler_Table_Base        
0000092c  __TI_Handler_Table_Limit       
00000675  __TI_auto_init                 
20000200  __TI_cleanup_ptr               
000006e5  __TI_decompress_lzss           
000008e5  __TI_decompress_none           
20000204  __TI_dtors_ptr                 
20000208  __TI_enable_exit_profile_output
ffffffff  __TI_pprof_out_hndl            
ffffffff  __TI_prof_data_size            
ffffffff  __TI_prof_data_start           
00000000  __TI_static_base__             
000005d9  __aeabi_memcpy                 
000005d9  __aeabi_memcpy4                
000005d9  __aeabi_memcpy8                
ffffffff  __binit__                      
ffffffff  __c_args__                     
000004e3  __mpu_init                     
20000000  __stack                        
000008b9  _args_main                     
0000074d  _c_int00                       
2000020c  _lock                          
000008df  _nop                           
000008d7  _register_lock                 
000008d1  _register_unlock               
000008b7  _system_post_cinit             
0000090b  _system_pre_init               
20000210  _unlock                        
000007a5  abort                          
ffffffff  binit                          
000007f5  copy_in                        
000007ad  exit                           
00000000  g_pfnVectors                   
0000026d  main                           
20000214  main_func_sp                   
000005d9  memcpy                         
20000218  ui8PinData                     


GLOBAL SYMBOLS: SORTED BY Symbol Address 

address   name                           
-------   ----                           
00000000  __TI_static_base__             
00000000  g_pfnVectors                   
00000200  __STACK_SIZE                   
0000026d  main                           
000003b1  GPIOPadConfigSet               
000004e3  __mpu_init                     
000004e5  SysCtlClockSet                 
000005d9  __aeabi_memcpy                 
000005d9  __aeabi_memcpy4                
000005d9  __aeabi_memcpy8                
000005d9  memcpy                         
00000675  __TI_auto_init                 
000006e5  __TI_decompress_lzss           
0000074d  _c_int00                       
000007a1  C$$EXIT                        
000007a5  abort                          
000007ad  exit                           
000007f5  copy_in                        
00000841  SysCtlPeripheralEnable         
00000875  GPIODirModeSet                 
0000089f  GPIOPinTypeGPIOOutput          
000008b7  _system_post_cinit             
000008b9  _args_main                     
000008d1  _register_unlock               
000008d7  _register_lock                 
000008df  _nop                           
000008e5  __TI_decompress_none           
000008f3  ResetISR                       
000008ff  GPIOPinWrite                   
00000905  SysCtlDelay                    
0000090b  _system_pre_init               
00000924  __TI_Handler_Table_Base        
0000092c  __TI_CINIT_Base                
0000092c  __TI_Handler_Table_Limit       
00000934  __TI_CINIT_Limit               
20000000  __stack                        
20000200  __STACK_END                    
20000200  __STACK_TOP                    
20000200  __TI_cleanup_ptr               
20000204  __TI_dtors_ptr                 
20000208  __TI_enable_exit_profile_output
2000020c  _lock                          
20000210  _unlock                        
20000214  main_func_sp                   
20000218  ui8PinData                     
ffffffff  __TI_pprof_out_hndl            
ffffffff  __TI_prof_data_size            
ffffffff  __TI_prof_data_start           
ffffffff  __binit__                      
ffffffff  __c_args__                     
ffffffff  binit                          
UNDEFED   SHT$$INIT_ARRAY$$Base          
UNDEFED   SHT$$INIT_ARRAY$$Limit         

[53 symbols]
